Optimizing Linkage Editor (V.10.02.00.000)        22-May-2016 19:41:31

*** Options ***

-subcommand=E:\实验室资料\实验室项目\207项目\主控板调试\62Nsource\62nConnection\Debug\62nConnection.hlk
-noprelink
-rom=D=R,D_1=R_1,D_2=R_2
-nomessage
-list="E:\实验室资料\实验室项目\207项目\主控板调试\62Nsource\62nConnection\Debug\62nConnection.map"
-nooptimize
-start=B_1,R_1,B_2,R_2,B,R,SU,SI/01000,PResetPRG/0FFFF8000,C_1,C_2,C,C$*,D_1,D_2,D,P,PIntPRG,W*,L/0FFFF8100,FIXEDVECT/0FFFFFFD0
-nologo
-input="E:\实验室资料\实验室项目\207项目\主控板调试\62Nsource\62nConnection\Debug\62nConnection.obj"
-input="E:\实验室资料\实验室项目\207项目\主控板调试\62Nsource\62nConnection\Debug\dbsct.obj"
-input="E:\实验室资料\实验室项目\207项目\主控板调试\62Nsource\62nConnection\Debug\HIT_cmt0.obj"
-input="E:\实验室资料\实验室项目\207项目\主控板调试\62Nsource\62nConnection\Debug\HIT_cmt1.obj"
-input="E:\实验室资料\实验室项目\207项目\主控板调试\62Nsource\62nConnection\Debug\HIT_common.obj"
-input="E:\实验室资料\实验室项目\207项目\主控板调试\62Nsource\62nConnection\Debug\HIT_hardwaresetup.obj"
-input="E:\实验室资料\实验室项目\207项目\主控板调试\62Nsource\62nConnection\Debug\HIT_SPI.obj"
-input="E:\实验室资料\实验室项目\207项目\主控板调试\62Nsource\62nConnection\Debug\Interrupt_CMT.obj"
-input="E:\实验室资料\实验室项目\207项目\主控板调试\62Nsource\62nConnection\Debug\Interrupt_INTC.obj"
-input="E:\实验室资料\实验室项目\207项目\主控板调试\62Nsource\62nConnection\Debug\Interrupt_SCI.obj"
-input="E:\实验室资料\实验室项目\207项目\主控板调试\62Nsource\62nConnection\Debug\R_PG_Clock.obj"
-input="E:\实验室资料\实验室项目\207项目\主控板调试\62Nsource\62nConnection\Debug\R_PG_I2C_C0.obj"
-input="E:\实验室资料\实验室项目\207项目\主控板调试\62Nsource\62nConnection\Debug\R_PG_RSPI_C0.obj"
-input="E:\实验室资料\实验室项目\207项目\主控板调试\62Nsource\62nConnection\Debug\R_PG_RSPI_C1.obj"
-input="E:\实验室资料\实验室项目\207项目\主控板调试\62Nsource\62nConnection\Debug\R_PG_SCI_C0.obj"
-input="E:\实验室资料\实验室项目\207项目\主控板调试\62Nsource\62nConnection\Debug\R_PG_SCI_C5.obj"
-input="E:\实验室资料\实验室项目\207项目\主控板调试\62Nsource\62nConnection\Debug\R_PG_SCI_C6.obj"
-input="E:\实验室资料\实验室项目\207项目\主控板调试\62Nsource\62nConnection\Debug\R_PG_Timer_CMT_U0.obj"
-input="E:\实验室资料\实验室项目\207项目\主控板调试\62Nsource\62nConnection\Debug\resetprg.obj"
-input="E:\实验室资料\实验室项目\207项目\主控板调试\62Nsource\62nConnection\Debug\sbrk.obj"
-input="E:\实验室资料\实验室项目\207项目\主控板调试\62Nsource\62nConnection\Debug\Serial.obj"
-library="C:\Renesas\PDG2\lib\RX62N\RX62N_library_LQFP_100.lib"
-library="E:\实验室资料\实验室项目\207项目\主控板调试\62Nsource\62nConnection\Debug\62nConnection.lib"
-output="E:\实验室资料\实验室项目\207项目\主控板调试\62Nsource\62nConnection\Debug\62nConnection.abs"
-end

*** Error information ***

** L1100 (W) Cannot find "SU" specified in option "start"
** L1100 (W) Cannot find "PIntPRG" specified in option "start"

*** Mapping List ***

SECTION                            START      END         SIZE   ALIGN

B_1
                                  00001000  00001071        72   1
R_1
                                  00001072  00001145        d4   1
B_2
                                  00001146  00001257       112   2
R_2
                                  00001258  0000127d        26   2
B
                                  00001280  000019ab       72c   4
R
                                  000019ac  00001c1f       274   4
SI
                                  00001c20  00001f1f       300   4
PResetPRG
                                  ffff8000  ffff8029        2a   1
C_1
                                  ffff8100  ffff8113        14   1
C_2
                                  ffff8114  ffff811b         8   2
C
                                  ffff811c  ffff8133        18   4
C$DSEC
                                  ffff8134  ffff8157        24   4
C$BSEC
                                  ffff8158  ffff816f        18   4
C$VECT
                                  ffff8170  ffff856f       400   4
D_1
                                  ffff8570  ffff8643        d4   1
D_2
                                  ffff8644  ffff8669        26   2
D
                                  ffff866c  ffff88df       274   4
P
                                  ffff88e0  ffffdc4b      536c   1
W_1
                                  ffffdc4c  ffffdc4c         0   1
W_2
                                  ffffdc4c  ffffdc5f        14   2
W
                                  ffffdc60  ffffdc60         0   4
L
                                  ffffdc60  ffffdc7d        1e   4
FIXEDVECT
                                  ffffffd0  ffffffff        30   4
